Command: ~/.local/bin/colab run --timeout 2400 .omo/drive-sync/colab-runs/2026-07-28/day24_day25_source_execution.py
Session: run-565f3c
Surface: google-colab-cli
Started: 2026-07-28T09:19:00+09:00
Completed: 2026-07-28T09:21:06+09:00
Exit code: 0
Remote dependencies: qiskit, qiskit-machine-learning, scikit-learn, pandas, matplotlib
Local package install: false

COLAB_SOURCE_OK Day24/1-1.py
COLAB_SOURCE_OK Day24/2-1.py
COLAB_SOURCE_OK Day25/3-1.py
COLAB_SOURCE_OK Day25/3-2.py
COLAB_SOURCE_OK Day25/3-3.py
COLAB_SOURCE_OK Day25/3-4.py
COLAB_DAY24_DAY25_SOURCE_EXECUTION_OK

Observed runtime summaries:
- Day24 Classical SVM accuracy: 1.0000
- Day24 QSVC accuracy: 0.6000
- Day25 QSVM training completed with 34 support vectors
- Day25 prediction workflow completed and produced its prediction table
