[colab] Creating session 'run-77f72a'...
[colab] Session READY (run-77f72a). Executing .omo/drive-sync/colab-runs/2026-08-13/day37_source_execution.py...
COLAB_SOURCE_START Day37/3-1.py
COLAB_SOURCE_OK Day37/3-1.py
COLAB_SOURCE_START Day37/3-2.py
COLAB_SOURCE_OK Day37/3-2.py
COLAB_SOURCE_START Day37/3-3.py
COLAB_SOURCE_OK Day37/3-3.py
COLAB_SOURCE_START Day37/3-4.py
COLAB_SOURCE_OK Day37/3-4.py
COLAB_SOURCE_START Day37/3-5.py
COLAB_SOURCE_OK Day37/3-5.py
COLAB_SOURCE_START Day37/3-6.py
COLAB_SOURCE_OK Day37/3-6.py
COLAB_SOURCE_START Day37/3-7.py
COLAB_SOURCE_OK Day37/3-7.py
COLAB_SOURCE_START Day37/3-8.py
COLAB_SOURCE_OK Day37/3-8.py
COLAB_DAY37_SOURCE_EXECUTION_OK
[colab] Stopping session 'run-77f72a'...
[colab] Session terminated.
