[colab] Creating session 'run-9ce562'...
[colab] Session READY (run-9ce562). Executing .omo/drive-sync/colab-runs/2026-08-01/day28_source_execution.py...
============================================================
STEP 1. Library Import
============================================================
PyTorch Version : 2.11.0+cpu

============================================================
STEP 2. Neural Network 생성
============================================================
Sequential(
  (0): Linear(in_features=2, out_features=8, bias=True)
  (1): ReLU()
  (2): Linear(in_features=8, out_features=2, bias=True)
)

============================================================
STEP 3. Input Data 생성
============================================================
tensor([[1.4000, 0.2000],
        [4.7000, 1.4000],
        [1.5000, 0.3000]])

Input Shape
torch.Size([3, 2])

============================================================
STEP 4. Forward Propagation
============================================================
tensor([[-0.2883,  0.2467],
        [-0.5508,  0.1660],
        [-0.3147,  0.2530]], grad_fn=<AddmmBackward0>)

Output Shape
torch.Size([3, 2])

============================================================
STEP 5. Layer별 Output
============================================================
----- Linear Layer 1 -----
tensor([[ 0.1618,  0.4631,  0.0525,  0.5250,  1.2646, -1.1252,  0.0598, -0.4259],
        [-1.5368,  0.3880, -0.3957,  0.4742,  3.0569, -3.4100, -0.8807, -2.1655],
        [ 0.0663,  0.4517,  0.0294,  0.5254,  1.3037, -1.2366, -0.0104, -0.4574]],
       grad_fn=<AddmmBackward0>)
torch.Size([3, 8])

----- ReLU -----
tensor([[0.1618, 0.4631, 0.0525, 0.5250, 1.2646, 0.0000, 0.0598, 0.0000],
        [0.0000, 0.3880, 0.0000, 0.4742, 3.0569, 0.0000, 0.0000, 0.0000],
        [0.0663, 0.4517, 0.0294, 0.5254, 1.3037, 0.0000, 0.0000, 0.0000]],
       grad_fn=<ReluBackward0>)
torch.Size([3, 8])

----- Linear Layer 2 -----
tensor([[-0.2883,  0.2467],
        [-0.5508,  0.1660],
        [-0.3147,  0.2530]], grad_fn=<AddmmBackward0>)
torch.Size([3, 2])

============================================================
STEP 6. Weight 분석
============================================================
Layer 1 Weight
Parameter containing:
tensor([[-0.2628, -0.6927],
        [ 0.0296, -0.1440],
        [-0.0817, -0.1488],
        [-0.0265,  0.0307],
        [ 0.6304, -0.2400],
        [-0.4511, -0.6636],
        [-0.0467, -0.6554],
        [-0.6483,  0.3332]], requires_grad=True)

Shape
torch.Size([8, 2])

Layer 2 Weight
Parameter containing:
tensor([[ 0.1295,  0.1106,  0.3510, -0.1757, -0.1250, -0.0885, -0.0048, -0.2490],
        [-0.2158,  0.0717,  0.1001,  0.0558, -0.0519,  0.2544,  0.1528,  0.1627]],
       requires_grad=True)

Shape
torch.Size([2, 8])

============================================================
STEP 7. Bias 분석
============================================================
Layer 1 Bias
Parameter containing:
tensor([ 0.6683,  0.4505,  0.1967,  0.5561,  0.4301, -0.3609,  0.2562,  0.4151],
       requires_grad=True)
torch.Size([8])

Layer 2 Bias
Parameter containing:
tensor([-0.1283,  0.2703], requires_grad=True)
torch.Size([2])

============================================================
STEP 8. Parameter 분석
============================================================
Total Parameters
42

Parameter Detail
0.weight        [8, 2]
0.bias          [8]
2.weight        [2, 8]
2.bias          [2]

============================================================
STEP 9. Tensor Shape 변화
============================================================
Input           : torch.Size([3, 2])
Linear Layer 1  : torch.Size([3, 8])
ReLU            : torch.Size([3, 8])
Linear Layer 2  : torch.Size([3, 2])

============================================================
STEP 10. Softmax
============================================================
tensor([[0.3694, 0.6306],
        [0.3281, 0.6719],
        [0.3618, 0.6382]], grad_fn=<SoftmaxBackward0>)

============================================================
STEP 11. Prediction
============================================================
tensor([1, 1, 1])

============================================================
STEP 12. Model Structure Summary
============================================================

Input Feature
    ↓
2

↓

Linear Layer
2 → 8

↓

ReLU

↓

Linear Layer
8 → 2

↓

Prediction

COLAB_SOURCE_OK Day28/1-1.py
COLAB_DAY28_SOURCE_EXECUTION_OK
[colab] Stopping session 'run-9ce562'...
[colab] Session terminated.
