[colab] Creating session 'run-7cb4d8'...
[colab] Session READY (run-7cb4d8). Executing .omo/drive-sync/colab-runs/2026-07-24/day23_source_execution.py...
COLAB_SOURCE_START Day23/3-1.py
================================================================================
STEP 1. 데이터 준비
================================================================================
Feature Shape : (100, 2)
Label Shape   : (100,)

First 5 Samples
[[5.1 3.5]
 [4.9 3. ]
 [4.7 3.2]
 [4.6 3.1]
 [5.  3.6]]

================================================================================
STEP 2. Feature Scaling
================================================================================
Scaled Data
[[0.931 1.963]
 [0.698 1.309]
 [0.465 1.571]
 [0.349 1.44 ]
 [0.814 2.094]]

================================================================================
STEP 3. Quantum Feature Map
================================================================================
   ┌───┐┌───────────┐                                          ┌───┐»
0: ┤ H ├┤ P(2*x[0]) ├──■────────────────────────────────────■──┤ H ├»
   ├───┤├───────────┤┌─┴─┐┌──────────────────────────────┐┌─┴─┐├───┤»
1: ┤ H ├┤ P(2*x[1]) ├┤ X ├┤ P((-π + x[0])*(-π + x[1])*2) ├┤ X ├┤ H ├»
   └───┘└───────────┘└───┘└──────────────────────────────┘└───┘└───┘»
«   ┌───────────┐                                          
«0: ┤ P(2*x[0]) ├──■────────────────────────────────────■──
«   ├───────────┤┌─┴─┐┌──────────────────────────────┐┌─┴─┐
«1: ┤ P(2*x[1]) ├┤ X ├┤ P((-π + x[0])*(-π + x[1])*2) ├┤ X ├
«   └───────────┘└───┘└──────────────────────────────┘└───┘

Circuit Depth : 10

Gate Counts
OrderedDict({'u': 10, 'cx': 4})

================================================================================
STEP 4. Fidelity Quantum Kernel 생성
================================================================================
<qiskit_machine_learning.kernels.fidelity_quantum_kernel.FidelityQuantumKernel object at 0x7967a4b9d970>

================================================================================
STEP 5. Kernel Matrix 생성
================================================================================
Kernel Matrix Shape
(100, 100)

================================================================================
STEP 6. Kernel Matrix
================================================================================
[[1.    0.076 0.349 ... 0.047 0.163 0.468]
 [0.076 1.    0.582 ... 0.73  0.544 0.351]
 [0.349 0.582 1.    ... 0.19  0.086 0.331]
 ...
 [0.047 0.73  0.19  ... 1.    0.554 0.238]
 [0.163 0.544 0.086 ... 0.554 1.    0.441]
 [0.468 0.351 0.331 ... 0.238 0.441 1.   ]]

================================================================================
STEP 7. Kernel Matrix 검증
================================================================================
Shape
(100, 100)

Symmetric
True

Diagonal
[1. 1. 1. 1. 1. 1. 1. 1. 1. 1. 1. 1. 1. 1. 1. 1. 1. 1. 1. 1. 1. 1. 1. 1.
 1. 1. 1. 1. 1. 1. 1. 1. 1. 1. 1. 1. 1. 1. 1. 1. 1. 1. 1. 1. 1. 1. 1. 1.
 1. 1. 1. 1. 1. 1. 1. 1. 1. 1. 1. 1. 1. 1. 1. 1. 1. 1. 1. 1. 1. 1. 1. 1.
 1. 1. 1. 1. 1. 1. 1. 1. 1. 1. 1. 1. 1. 1. 1. 1. 1. 1. 1. 1. 1. 1. 1. 1.
 1. 1. 1. 1.]

Minimum
4.2893485461582115e-14

Maximum
1.0000000000032596

================================================================================
STEP 8. Similarity 확인
================================================================================
K(x1,x1) = 1.000
K(x1,x2) = 0.076
K(x1,x10)= 0.187

================================================================================
STEP 9. 실습 결과
================================================================================
Feature 수            : 2
Qubit 수              : 2
Kernel Matrix 크기    : (100, 100)
Kernel Matrix 대칭 여부 : True
Diagonal 평균 : 1.0000000000018823
Minimum Similarity : 0.0
Maximum Similarity : 1.0

실습 완료!
COLAB_SOURCE_OK Day23/3-1.py
COLAB_SOURCE_START Day23/3-2.py
================================================================================
STEP 1. Library Import
================================================================================
Library Loaded Successfully

================================================================================
STEP 2. Iris Dataset
================================================================================
Original Dataset Shape : (150, 2)

First 5 Samples
[[5.1 3.5]
 [4.9 3. ]
 [4.7 3.2]
 [4.6 3.1]
 [5.  3.6]]

================================================================================
STEP 3. Binary Classification
================================================================================
Filtered Dataset Shape : (100, 2)
Classes : [0 1]

================================================================================
STEP 4. Sample Selection
================================================================================
Selected Samples : (12, 2)
Labels
[0 0 0 0 0 0 1 1 1 1 1 1]

================================================================================
STEP 5. Feature Scaling
================================================================================
Scaled Data
[[0.654 2.356]
 [0.393 1.374]
 [0.131 1.767]
 [0.    1.571]
 [0.524 2.553]]

================================================================================
STEP 6. PauliFeatureMap
================================================================================
   ┌───┐┌───────────┐                                          ┌───┐»
0: ┤ H ├┤ P(2*x[0]) ├──■────────────────────────────────────■──┤ H ├»
   ├───┤├───────────┤┌─┴─┐┌──────────────────────────────┐┌─┴─┐├───┤»
1: ┤ H ├┤ P(2*x[1]) ├┤ X ├┤ P((-π + x[0])*(-π + x[1])*2) ├┤ X ├┤ H ├»
   └───┘└───────────┘└───┘└──────────────────────────────┘└───┘└───┘»
«   ┌───────────┐                                          
«0: ┤ P(2*x[0]) ├──■────────────────────────────────────■──
«   ├───────────┤┌─┴─┐┌──────────────────────────────┐┌─┴─┐
«1: ┤ P(2*x[1]) ├┤ X ├┤ P((-π + x[0])*(-π + x[1])*2) ├┤ X ├
«   └───────────┘└───┘└──────────────────────────────┘└───┘

================================================================================
STEP 7. Circuit Information
================================================================================
Number of Qubits
2

Number of Parameters
2

Circuit Depth
10

Gate Counts
OrderedDict({'u': 10, 'cx': 4})

================================================================================
STEP 8. Fidelity Quantum Kernel
================================================================================
<qiskit_machine_learning.kernels.fidelity_quantum_kernel.FidelityQuantumKernel object at 0x7967a1cdf2f0>

================================================================================
STEP 9. Kernel Matrix
================================================================================
Kernel Matrix Shape
(12, 12)

================================================================================
STEP 10. Kernel Matrix Output
================================================================================
[[1.     0.2341 0.1667 0.3377 0.4071 0.4272 0.1276 0.3007 0.1394 0.417
  0.2117 0.4229]
 [0.2341 1.     0.4285 0.8121 0.4944 0.7686 0.0282 0.557  0.0271 0.7866
  0.7779 0.2402]
 [0.1667 0.4285 1.     0.4653 0.139  0.4198 0.2408 0.2118 0.4788 0.5566
  0.3737 0.3266]
 [0.3377 0.8121 0.4653 1.     0.2964 0.7135 0.0468 0.3593 0.0032 0.7724
  0.4038 0.1672]
 [0.4071 0.4944 0.139  0.2964 1.     0.2346 0.1765 0.3067 0.1582 0.2124
  0.6484 0.4794]
 [0.4272 0.7686 0.4198 0.7135 0.2346 1.     0.0095 0.4676 0.0292 0.9699
  0.5843 0.3826]
 [0.1276 0.0282 0.2408 0.0468 0.1765 0.0095 1.     0.2091 0.9063 0.0252
  0.1734 0.1387]
 [0.3007 0.557  0.2118 0.3593 0.3067 0.4676 0.2091 1.     0.1449 0.4952
  0.4576 0.1616]
 [0.1394 0.0271 0.4788 0.0032 0.1582 0.0292 0.9063 0.1449 1.     0.0723
  0.2012 0.1977]
 [0.417  0.7866 0.5566 0.7724 0.2124 0.9699 0.0252 0.4952 0.0723 1.
  0.5764 0.3386]
 [0.2117 0.7779 0.3737 0.4038 0.6484 0.5843 0.1734 0.4576 0.2012 0.5764
  1.     0.5186]
 [0.4229 0.2402 0.3266 0.1672 0.4794 0.3826 0.1387 0.1616 0.1977 0.3386
  0.5186 1.    ]]

================================================================================
STEP 11. Kernel Matrix Validation
================================================================================
Shape
(12, 12)

Symmetric
True

Diagonal
[1. 1. 1. 1. 1. 1. 1. 1. 1. 1. 1. 1.]

Minimum Similarity
0.0031578887337668235

Maximum Similarity
1.0000000000000018

All Finite
True

================================================================================
STEP 12. Class Similarity Analysis
================================================================================
Same Class Similarity
0.3654

Different Class Similarity
0.3445

Similarity Gap
0.0209

================================================================================
Lab Completed
================================================================================
Feature Number      : 2
Qubit Number        : 2
Kernel Matrix Size  : (12, 12)
Kernel Symmetric    : True
Average Diagonal    : 1.0
Same Class Mean     : 0.3654
Different Class Mean: 0.3445

PauliFeatureMap Quantum Kernel 생성 완료!
COLAB_SOURCE_OK Day23/3-2.py
COLAB_SOURCE_START Day23/4-1.py
======================================================================
Quantum Kernel Matrix
======================================================================
[[1.   0.88 0.32 0.25]
 [0.88 1.   0.36 0.29]
 [0.32 0.36 1.   0.84]
 [0.25 0.29 0.84 1.  ]]

[Structure Validation]
Shape : (4, 4)
Dimension : 2
Square Matrix : True
Training Samples : 4
Matrix Size Match : True

[Value Validation]
Contains NaN : False
Contains Infinity : False
Minimum Value : 0.25
Maximum Value : 1.0
Kernel Range [0,1] : True

[Diagonal Validation]
[1. 1. 1. 1.]
Diagonal ≈ 1 : True

[Symmetry Validation]
Symmetric : True
Maximum Error : 0.0

[Eigenvalue Validation]
[0.11892935 0.15675015 1.25256873 2.47175176]
Minimum Eigenvalue : 0.11892935351868253
Positive Semi-definite : True

[Label Validation]
Labels : [0 0 1 1]
Label Size Match : True

======================================================================
Validation Summary
======================================================================
2D Matrix            : PASS
Square Matrix        : PASS
No NaN               : PASS
No Infinity          : PASS
Kernel Range         : PASS
Diagonal             : PASS
Symmetric            : PASS
PSD                  : PASS
Label Match          : PASS

Kernel Matrix는 정상입니다.
→ Heatmap 생성 가능
→ Similarity 분석 가능
→ QSVM 입력 가능
COLAB_SOURCE_OK Day23/4-1.py
COLAB_SOURCE_START Day23/4-2.py
================================================================================
STEP 1. Kernel Matrix 준비
================================================================================
Kernel Matrix
[[1.   0.89 0.32 0.28 0.19]
 [0.89 1.   0.35 0.3  0.21]
 [0.32 0.35 1.   0.87 0.82]
 [0.28 0.3  0.87 1.   0.84]
 [0.19 0.21 0.82 0.84 1.  ]]

================================================================================
STEP 2. Kernel Matrix 확인
================================================================================
Matrix Shape : (5, 5)

Minimum Similarity : 0.19
Maximum Similarity : 1.0

Diagonal Values
[1. 1. 1. 1. 1.]

================================================================================
STEP 3. 기본 Heatmap 생성
================================================================================

================================================================================
STEP 4. Color Map 비교
================================================================================

================================================================================
STEP 5. Sample Label 추가
================================================================================

================================================================================
STEP 6. Class Label 표시
================================================================================

================================================================================
STEP 7. Heatmap 함수
================================================================================

================================================================================
STEP 8. Heatmap 분석
================================================================================
1. 대각선 확인
[1. 1. 1. 1. 1.]
→ 자기 자신과의 Similarity가 1입니다.

2. Matrix 대칭성
True

3. 평균 Similarity
0.6056

4. 최대 Similarity
1.0

5. 최소 Similarity
0.19

================================================================================
STEP 9. Heatmap 해석
================================================================================

Heatmap 해석 방법

① 대각선
   → 자기 자신과의 Similarity

② 왼쪽 위 Block
   → Class 0 내부 Similarity

③ 오른쪽 아래 Block
   → Class 1 내부 Similarity

④ 가운데 영역
   → 서로 다른 Class Similarity

⑤ Block이 선명할수록
   → Feature Map이 클래스를 잘 구분


================================================================================
STEP 10. 분석 결과
================================================================================

Kernel Matrix 크기

(5, 5)

최소 Similarity

0.190

최대 Similarity

1.000

평균 Similarity

0.606

대칭 Matrix

True

Diagonal

[1. 1. 1. 1. 1.]


결과 해석

- 대각선은 모두 1에 가까우므로
  자기 자신과의 Similarity가 정상적으로 계산되었다.

- Matrix는 대칭이다.

- 같은 클래스는 높은 Similarity를 가진다.

- 다른 클래스는 낮은 Similarity를 가진다.

- Heatmap에서 Block 구조가 나타난다면
  현재 Quantum Feature Map이
  데이터를 잘 표현하고 있다고 해석할 수 있다.

================================================================================
Lab 완료
================================================================================
COLAB_SOURCE_OK Day23/4-2.py
COLAB_SOURCE_START Day23/4-3.py
Day23/4-3.py:66: DeprecationWarning: The class ``qiskit.circuit.library.data_preparation._zz_feature_map.ZZFeatureMap`` is deprecated as of Qiskit 2.1. It will be removed in Qiskit 3.0. Use the zz_feature_map function as a replacement. Note that this will no longer return a BlueprintCircuit, but just a plain QuantumCircuit.
(80, 80)
Diagonal
[1. 1. 1. 1. 1. 1. 1. 1. 1. 1. 1. 1. 1. 1. 1. 1. 1. 1. 1. 1. 1. 1. 1. 1.
 1. 1. 1. 1. 1. 1. 1. 1. 1. 1. 1. 1. 1. 1. 1. 1. 1. 1. 1. 1. 1. 1. 1. 1.
 1. 1. 1. 1. 1. 1. 1. 1. 1. 1. 1. 1. 1. 1. 1. 1. 1. 1. 1. 1. 1. 1. 1. 1.
 1. 1. 1. 1. 1. 1. 1. 1.]

Symmetric
True

Minimum
1.4022269855043323e-13

Maximum
1.0000000000027642
0.2856308430965401
0.2758625872871889

Similarity Gap
0.0097682558093512
Poor Kernel
============================================================
Quantum Kernel Evaluation
============================================================
Same-Class Similarity : 0.286
Different-Class Similarity : 0.276
Similarity Gap : 0.010
============================================================
COLAB_SOURCE_OK Day23/4-3.py
COLAB_DAY23_SOURCE_EXECUTION_OK
[colab] Stopping session 'run-7cb4d8'...
[colab] Session terminated.
