Quantum ML Day27 remote Colab execution
Command: ~/.local/bin/colab run --timeout 2400 .omo/drive-sync/colab-runs/2026-07-30/day27_source_execution.py
Session: run-84bdf3
Runtime: Python 3.12.13 on Linux x86_64
Remote dependencies installed: qiskit, qiskit-machine-learning, scikit-learn, pandas, matplotlib, seaborn
Local dependency installation: not performed

COLAB_SOURCE_OK Day27/2-1.py
COLAB_SOURCE_OK Day27/2-2.py
COLAB_SOURCE_OK Day27/2-3.py
COLAB_SOURCE_OK Day27/2-4.py
COLAB_SOURCE_OK Day27/2-5.py
COLAB_SOURCE_OK Day27/2-6.py
COLAB_SOURCE_OK Day27/2-7.py
COLAB_SOURCE_OK Day27/2-8.py
COLAB_SOURCE_OK Day27/2-9.py
COLAB_SOURCE_OK Day27/2-10.py
COLAB_SOURCE_OK Day27/4-1.py
COLAB_SOURCE_OK Day27/4-2.py

Observed QSVM results:
- Accuracy: 0.8667
- Precision: 0.7895
- Recall: 1.0000
- F1 Score: 0.8824
- AUC: 0.9689
- Confusion matrix: [[11, 4], [0, 15]]

Observed classical SVM baseline:
- Accuracy: 1.0000

COLAB_DAY27_SOURCE_EXECUTION_OK
Result: PASS
Session terminated normally.
