[colab] Creating session 'run-afcf89'...
[colab] Session READY (run-afcf89). Executing .omo/drive-sync/colab-runs/2026-07-29/day26_source_execution.py...
COLAB_SOURCE_START Day26/1-1.py
================================================================================
STEP 1. Actual Label 준비
================================================================================
Actual Label
[0 1 1 0 1 0 0 1 1 0 1 1 0 0 1 0 1 0 1 0]

================================================================================
STEP 2. Prediction 결과 준비
================================================================================
Prediction
[0 1 0 0 1 0 0 1 1 0 1 0 0 0 1 1 1 0 1 0]

================================================================================
STEP 3. Actual과 Prediction 비교
================================================================================
    Actual  Prediction   Result
0        0           0  Correct
1        1           1  Correct
2        1           0    Wrong
3        0           0  Correct
4        1           1  Correct
5        0           0  Correct
6        0           0  Correct
7        1           1  Correct
8        1           1  Correct
9        0           0  Correct
10       1           1  Correct
11       1           0    Wrong
12       0           0  Correct
13       0           0  Correct
14       1           1  Correct
15       0           1    Wrong
16       1           1  Correct
17       0           0  Correct
18       1           1  Correct
19       0           0  Correct

Correct : 17
Wrong   : 3

================================================================================
STEP 4. Confusion Matrix 생성
================================================================================
[[9 1]
 [2 8]]

================================================================================
STEP 5. TP, TN, FP, FN 확인
================================================================================
True Positive  (TP) : 8
True Negative  (TN) : 9
False Positive (FP) : 1
False Negative (FN) : 2

================================================================================
STEP 6. Confusion Matrix 출력
================================================================================
================================================================================
STEP 7. Accuracy 계산
================================================================================
Accuracy : 0.8500

================================================================================
STEP 8. Precision 계산
================================================================================
Precision : 0.8889

================================================================================
STEP 9. Recall 계산
================================================================================
Recall : 0.8000

================================================================================
STEP 10. F1 Score 계산
================================================================================
F1 Score : 0.8421

================================================================================
STEP 11. Performance Report
================================================================================
      Metric   Value
0   Accuracy  0.8500
1  Precision  0.8889
2     Recall  0.8000
3   F1 Score  0.8421

================================================================================
STEP 12. Classification Report
================================================================================
              precision    recall  f1-score   support

           0       0.82      0.90      0.86        10
           1       0.89      0.80      0.84        10

    accuracy                           0.85        20
   macro avg       0.85      0.85      0.85        20
weighted avg       0.85      0.85      0.85        20

================================================================================
STEP 13. 결과 해석
================================================================================
Accuracy  : 85.00%
Precision : 88.89%
Recall    : 80.00%
F1 Score  : 84.21%

Precision과 Recall이 비교적 균형적입니다.

Confusion Matrix를 함께 확인하여
FP와 FN 중 어떤 오류가 더 많은지 분석해 보세요.

================================================================================
실습 종료
================================================================================
COLAB_SOURCE_OK Day26/1-1.py
COLAB_SOURCE_START Day26/4-1.py
================================================================================
STEP 1. 데이터 준비
================================================================================
Train : (80, 4)
Test  : (20, 4)

================================================================================
STEP 2. Classical SVM
================================================================================
Training Complete

================================================================================
STEP 3. QSVM
================================================================================
Day26/4-1.py:92: DeprecationWarning: The class ``qiskit.circuit.library.data_preparation._zz_feature_map.ZZFeatureMap`` is deprecated as of Qiskit 2.1. It will be removed in Qiskit 3.0. Use the zz_feature_map function as a replacement. Note that this will no longer return a BlueprintCircuit, but just a plain QuantumCircuit.
Training Complete

================================================================================
STEP 4. Prediction
================================================================================
Prediction Complete

================================================================================
STEP 5. Performance Evaluation
================================================================================

 Classical SVM
------------------------------------------------------------
Accuracy : 1.0000
Precision: 1.0000
Recall   : 1.0000
F1 Score : 1.0000

Classification Report

              precision    recall  f1-score   support

           0       1.00      1.00      1.00        10
           1       1.00      1.00      1.00        10

    accuracy                           1.00        20
   macro avg       1.00      1.00      1.00        20
weighted avg       1.00      1.00      1.00        20


 QSVM
------------------------------------------------------------
Accuracy : 0.9000
Precision: 0.9000
Recall   : 0.9000
F1 Score : 0.9000

Classification Report

              precision    recall  f1-score   support

           0       0.90      0.90      0.90        10
           1       0.90      0.90      0.90        10

    accuracy                           0.90        20
   macro avg       0.90      0.90      0.90        20
weighted avg       0.90      0.90      0.90        20


================================================================================
STEP 6. Confusion Matrix
================================================================================

================================================================================
STEP 7. Performance Comparison
================================================================================
            Metric  Classical SVM       QSVM
0         Accuracy       1.000000   0.900000
1        Precision       1.000000   0.900000
2           Recall       1.000000   0.900000
3         F1 Score       1.000000   0.900000
4    Training Time       0.001126  17.643939
5  Prediction Time       0.000441   8.646386

================================================================================
STEP 8. Result Analysis
================================================================================
1. Accuracy 비교
Classical SVM Accuracy가 더 높습니다.

2. Training Time
Classical : 0.0011 sec
QSVM      : 17.6439 sec

3. Prediction Time
Classical : 0.0004 sec
QSVM      : 8.6464 sec

================================================================================
Lab Complete
================================================================================
COLAB_SOURCE_OK Day26/4-1.py
COLAB_DAY26_SOURCE_EXECUTION_OK
[colab] Stopping session 'run-afcf89'...
[colab] Session terminated.
