[colab] Creating session 'run-f33b47'...
[colab] Session READY (run-f33b47). Executing .omo/drive-sync/colab-runs/2026-08-18/day37_day39_source_execution.py...
COLAB_SOURCE_START Day37/3-9.py
COLAB_SOURCE_OK Day37/3-9.py
COLAB_SOURCE_START Day38/1-1.py
COLAB_SOURCE_OK Day38/1-1.py
COLAB_SOURCE_START Day38/1-2.py
COLAB_SOURCE_OK Day38/1-2.py
COLAB_SOURCE_START Day38/1-3.py
COLAB_SOURCE_OK Day38/1-3.py
COLAB_SOURCE_START Day38/1-4.py
COLAB_SOURCE_OK Day38/1-4.py
COLAB_SOURCE_START Day39/2-1.py
COLAB_SOURCE_OK Day39/2-1.py
COLAB_SOURCE_START Day39/2-2.py
COLAB_SOURCE_OK Day39/2-2.py
COLAB_SOURCE_START Day39/2-3.py
COLAB_SOURCE_OK Day39/2-3.py
COLAB_SOURCE_START Day39/2-4.py
COLAB_SOURCE_OK Day39/2-4.py
COLAB_SOURCE_START Day39/2-5.py
COLAB_SOURCE_OK Day39/2-5.py
COLAB_SOURCE_START Day39/2-6.py
COLAB_SOURCE_OK Day39/2-6.py
COLAB_SOURCE_START Day39/Project/1-1.py
COLAB_SOURCE_OK Day39/Project/1-1.py
COLAB_SOURCE_START Day39/Project/1-2.py
COLAB_SOURCE_OK Day39/Project/1-2.py
COLAB_DAY37_DAY39_SOURCE_EXECUTION_OK
[colab] Stopping session 'run-f33b47'...
[colab] Session terminated.
